// Jest Snapshot v1, https://goo.gl/fbAQLP

exports[`renderiza corretamente 1`] = `
<span>
  Ol√°, teste
</span>
`;

exports[`renderiza corretamente sem elementos filhos 1`] = `null`;
